
[1;38;2;255;215;0m  ____ _                    ____    _         _           [0m
[1;38;2;255;215;0m / ___| |_   _ _ __ | |__  / ___| _ __(_)_ __   __| | ___ _ __ [0m
[1;38;2;255;215;0m| |  _| | | | | '_ \| '_ \| |  _ | '__| | '_ \ / _` |/ _ \ '__|[0m
[1;38;2;255;215;0m| |_| | | |_| | |_) | | | | |_| || |  | | | | | (_| |  __/ |   [0m
[1;38;2;255;215;0m \____|_|\__, | .__/|_| |_|\____||_|  |_|_| |_|\__,_|\___|_|   [0m
[1;38;2;255;215;0m         |___/|_|                                              [0m

[1;38;2;0;255;135m      --- SELECT CLASS ARCHETYPE TO BEGIN DESCENT ---[0m

[38;2;0;229;255m  [1][0m[38;2;142;142;147m Warrior — 120 HP, High Melee Damage, Starts with Iron Dagger[0m
[38;2;142;142;147m[0m                                                             [38;2;0;229;255m  [2][0m[38;2;142;142;147m Rogue   —  90 HP, High Burst Damage, Starts with Teleport Scroll[0m
[38;2;142;142;147m[0m                                                                 [38;2;0;229;255m  [3][0m[38;2;142;142;147m Mage    —  80 HP, Starts with Fireball Scroll & Regen Potion[0m
[38;2;142;142;147m[0m                                                             
[38;2;142;142;147m[0m                                                                              Dungeon Seed: 42

[38;2;0;229;255m  [W/A/S/D / Arrows][0m[38;2;142;142;147m Move & Bump Attack[0m
[38;2;142;142;147m[0m                   [38;2;0;229;255m  [G / ,][0m[38;2;142;142;147m Pick Up Item    [0m[38;2;0;229;255m[X / D][0m[38;2;142;142;147m Drop Item[0m
[38;2;142;142;147m[0m          [38;2;0;229;255m  [H / 1-9][0m[38;2;142;142;147m Use Item       [0m[38;2;0;229;255m[T][0m[38;2;142;142;147m Target Ranged / Scroll[0m
[38;2;142;142;147m[0m                       [38;2;0;229;255m  [> / Enter][0m[38;2;142;142;147m Descend Stairs [0m[38;2;0;229;255m[Q][0m[38;2;142;142;147m Quit Game[0m
[38;2;142;142;147m[0m          
[38;2;142;142;147m[0m          [1;38;2;0;255;135m   === PRESS [1], [2], [3] OR [SPACE] TO BEGIN DESCENT ===[0m
